{
  "helpLinks": [
    "https://docs.github.com/en/enterprise-server/code-security/code-scanning/automatically-scanning-your-code-for-vulnerabilities-and-errors/customizing-code-scanning",
    "https://docs.github.com/en/enterprise-server/code-security/code-scanning/automatically-scanning-your-code-for-vulnerabilities-and-errors/configuring-the-codeql-workflow-for-compiled-languages#adding-build-steps-for-a-compiled-language"
  ],
  "plaintextMessage": "All targets found within Xcode projects or workspaces either have no Swift sources or are tests.\n\nSet up a manual build command.",
  "severity": "error",
  "source": {
    "extractorName": "swift",
    "id": "swift/autobuilder/no-swift-target",
    "name": "No Swift compilation target found"
  },
  "visibility": {
    "cliSummaryTable": true,
    "statusPage": true,
    "telemetry": true
  }
}
