{
  "helpLinks": [
    "https://docs.github.com/en/enterprise-server/code-security/code-scanning/automatically-scanning-your-code-for-vulnerabilities-and-errors/customizing-code-scanning",
    "https://docs.github.com/en/enterprise-server/code-security/code-scanning/automatically-scanning-your-code-for-vulnerabilities-and-errors/configuring-the-codeql-workflow-for-compiled-languages#adding-build-steps-for-a-compiled-language"
  ],
  "plaintextMessage": "No viable Swift Xcode target was found but a Swift package was detected. Swift Package Manager builds are not yet supported by the autobuilder.\n\nSet up a manual build command.",
  "severity": "error",
  "source": {
    "extractorName": "swift",
    "id": "swift/autobuilder/spm-not-supported",
    "name": "Swift Package Manager build unsupported by autobuild"
  },
  "visibility": {
    "cliSummaryTable": true,
    "statusPage": true,
    "telemetry": true
  }
}
